// Jest Snapshot v1, https://goo.gl/fbAQLP

exports[`Prueba en GifItem Debe hacer match snapshot 1`] = `
<div>
  <div
    class="card"
  >
    <img
      alt="Gifs"
      src="http://localhost/Goku"
    />
    <p>
      Gifs
    </p>
  </div>
</div>
`;
